Microchip MPLAB XC8 Compiler V2.20

Linker command line:

-W-3 --edf=C:\Program Files\Microchip\xc8\v2.20\pic\dat\en_msgs.txt -cn \
  -h+dist/default/production\I2C_LCD.X.production.sym \
  --cmf=dist/default/production\I2C_LCD.X.production.cmf -z -Q16F1827 \
  -oC:\Users\dexte\AppData\Local\Temp\sc9c.2 --defsym=__MPLAB_BUILD=1 \
  -Mdist/default/production/I2C_LCD.X.production.map -E1 -ver=XC8 Compiler \
  --acfsm=1493 -ASTACK=02031h-0216Fh -pstack=STACK -ACODE=00h-07FFhx2 \
  -ASTRCODE=00h-0FFFh -ASTRING=00h-0FFhx16 -ACONST=00h-0FFhx16 \
  -AENTRY=00h-0FFhx16 -ACOMMON=070h-07Fh -ABANK0=020h-06Fh \
  -ABANK1=0A0h-0EFh -ABANK2=0120h-016Fh -ABANK3=01A0h-01EFh \
  -ABANK4=0220h-024Fh -ABIGRAM=02000h-0216Fh \
  -ARAM=020h-06Fh,0A0h-0EFh,0120h-016Fh,01A0h-01EFh,0220h-024Fh \
  -AABS1=020h-07Fh,0A0h-0EFh,0120h-016Fh,01A0h-01EFh,0220h-024Fh \
  -ASFR0=00h-01Fh -ASFR1=080h-09Fh -ASFR2=0100h-011Fh -ASFR3=0180h-019Fh \
  -ASFR4=0200h-021Fh -ASFR5=0280h-02EFh -ASFR6=0300h-036Fh \
  -ASFR7=0380h-03EFh -ASFR8=0400h-046Fh -ASFR9=0480h-04EFh \
  -ASFR10=0500h-056Fh -ASFR11=0580h-05EFh -ASFR12=0600h-066Fh \
  -ASFR13=0680h-06EFh -ASFR14=0700h-076Fh -ASFR15=0780h-07EFh \
  -ASFR16=0800h-086Fh -ASFR17=0880h-08EFh -ASFR18=0900h-096Fh \
  -ASFR19=0980h-09EFh -ASFR20=0A00h-0A6Fh -ASFR21=0A80h-0AEFh \
  -ASFR22=0B00h-0B6Fh -ASFR23=0B80h-0BEFh -ASFR24=0C00h-0C6Fh \
  -ASFR25=0C80h-0CEFh -ASFR26=0D00h-0D6Fh -ASFR27=0D80h-0DEFh \
  -ASFR28=0E00h-0E6Fh -ASFR29=0E80h-0EEFh -ASFR30=0F00h-0F6Fh \
  -ASFR31=0F80h-0FEFh -ACONFIG=08007h-08008h -DCONFIG=2 \
  -AIDLOC=08000h-08003h -DIDLOC=2 \
  -preset_vec=00h,intentry=04h,init,end_init -ppowerup=CODE -pcinit=CODE \
  -pfunctab=ENTRY -AEEDATA=00h-0FFh/0F000h -peeprom_data=EEDATA -DEEDATA=2 \
  -DCODE=2 -DSTRCODE=2 -DSTRING=2 -DCONST=2 -DENTRY=2 -k \
  C:\Users\dexte\AppData\Local\Temp\sc9c.o \
  dist/default/production\I2C_LCD.X.production.o 

Object code version is 3.11

Machine type is 16F1827



                Name                               Link     Load   Length Selector   Space Scale
C:\Users\dexte\AppData\Local\Temp\sc9c.o
                end_init                             27       27        2        8       0
                reset_vec                             0        0        2        0       0
                config                             8007     8007        2        0       4
dist/default/production\I2C_LCD.X.production.o
                cinit                                29       29       1E        8       0
                intentry                              4        4       23        8       0
                config                             8007     8007        2        0       4
                text54                              3D9      3D9        3      4D0       0
                text53                              3D6      3D6        3      4D0       0
                text52                              2F3      2F3       10      4D0       0
                text51                              222      222       26        8       0
                text50                              310      310        D      4D0       0
                text49                              2E2      2E2       11      4D0       0
                text48                              3DE      3DE        2      4D0       0
                text47                              3DC      3DC        2      4D0       0
                text46                              2D1      2D1       11      4D0       0
                text45                              2C0      2C0       11      4D0       0
                text44                              2AF      2AF       11      4D0       0
                text43                              280      280       18      4D0       0
                text42                              3D3      3D3        3      4D0       0
                text41                              3C6      3C6        4      4D0       0
                text40                              3D0      3D0        3      4D0       0
                text39                              3C2      3C2        4      4D0       0
                text38                              3B5      3B5        5      4D0       0
                text37                              37D      37D        6      4D0       0
                text36                              3CD      3CD        3      4D0       0
                text35                              11D      11D       2F        8       0
                text34                              3B0      3B0        5      4D0       0
                text33                              33E      33E        9      4D0       0
                text32                              34F      34F        8      4D0       0
                text31                               47       47       55        8       0
                text30                               9C       9C       46        8       0
                text29                              35E      35E        7      4D0       0
                text28                              3AB      3AB        5      4D0       0
                text27                              3A6      3A6        5      4D0       0
                text26                              3A1      3A1        5      4D0       0
                text25                              39C      39C        5      4D0       0
                text24                              397      397        5      4D0       0
                text23                              392      392        5      4D0       0
                text22                              38D      38D        5      4D0       0
                text21                              388      388        5      4D0       0
                text20                              1A5      1A5       2C        8       0
                text19                              3CA      3CA        3      4D0       0
                text18                              1D1      1D1       2B        8       0
                text17                              3BE      3BE        4      4D0       0
                text15                              329      329        C      4D0       0
                text14                              335      335        9      4D0       0
                text13                              357      357        7      4D0       0
                text12                              298      298       17      4D0       0
                text11                              3BA      3BA        4      4D0       0
                text10                              303      303        D      4D0       0
                text9                               31D      31D        C      4D0       0
                text8                               377      377        6      4D0       0
                text7                               371      371        6      4D0       0
                text6                               347      347        8      4D0       0
                text5                               179      179       2C        8       0
                text4                               383      383        5      4D0       0
                text3                                E2       E2       3B        8       0
                text2                               14C      14C       2D        8       0
                text1                               268      268       18      4D0       0
                maintext                            1FC      1FC       26        8       0
                cstackBANK0                          3D       3D        E       20       1
                cstackCOMMON                         70       70        A       70       1
                clrtext                             36B      36B        6      4D0       0
                dataBANK0                            4B       4B        6       20       1
                bssBANK0                             20       20       1D       20       1
                bssCOMMON                            7A       7A        2       70       1
                stringtext1                         248      248       20      490       0
                idataBANK0                          365      365        6      4D0       0

TOTAL           Name                               Link     Load   Length     Space
        CLASS   STACK          

        CLASS   CODE           
                end_init                             27       27        2         0
                cinit                                29       29       1E         0
                intentry                              4        4       23         0
                reset_vec                             0        0        2         0
                text54                              3D9      3D9        3         0
                text53                              3D6      3D6        3         0
                text52                              2F3      2F3       10         0
                text51                              222      222       26         0
                text50                              310      310        D         0
                text49                              2E2      2E2       11         0
                text48                              3DE      3DE        2         0
                text47                              3DC      3DC        2         0
                text46                              2D1      2D1       11         0
                text45                              2C0      2C0       11         0
                text44                              2AF      2AF       11         0
                text43                              280      280       18         0
                text42                              3D3      3D3        3         0
                text41                              3C6      3C6        4         0
                text40                              3D0      3D0        3         0
                text39                              3C2      3C2        4         0
                text38                              3B5      3B5        5         0
                text37                              37D      37D        6         0
                text36                              3CD      3CD        3         0
                text35                              11D      11D       2F         0
                text34                              3B0      3B0        5         0
                text33                              33E      33E        9         0
                text32                              34F      34F        8         0
                text31                               47       47       55         0
                text30                               9C       9C       46         0
                text29                              35E      35E        7         0
                text28                              3AB      3AB        5         0
                text27                              3A6      3A6        5         0
                text26                              3A1      3A1        5         0
                text25                              39C      39C        5         0
                text24                              397      397        5         0
                text23                              392      392        5         0
                text22                              38D      38D        5         0
                text21                              388      388        5         0
                text20                              1A5      1A5       2C         0
                text19                              3CA      3CA        3         0
                text18                              1D1      1D1       2B         0
                text17                              3BE      3BE        4         0
                text15                              329      329        C         0
                text14                              335      335        9         0
                text13                              357      357        7         0
                text12                              298      298       17         0
                text11                              3BA      3BA        4         0
                text10                              303      303        D         0
                text9                               31D      31D        C         0
                text8                               377      377        6         0
                text7                               371      371        6         0
                text6                               347      347        8         0
                text5                               179      179       2C         0
                text4                               383      383        5         0
                text3                                E2       E2       3B         0
                text2                               14C      14C       2D         0
                text1                               268      268       18         0
                maintext                            1FC      1FC       26         0
                clrtext                             36B      36B        6         0
                idataBANK0                          365      365        6         0

        CLASS   STRCODE        
                stringtext1                         248      248       20         0

        CLASS   STRING         

        CLASS   CONST          

        CLASS   ENTRY          

        CLASS   COMMON         
                cstackCOMMON                         70       70        A         1
                bssCOMMON                            7A       7A        2         1

        CLASS   BANK0          
                cstackBANK0                          3D       3D        E         1
                dataBANK0                            4B       4B        6         1
                bssBANK0                             20       20       1D         1

        CLASS   BANK1          

        CLASS   BANK2          

        CLASS   BANK3          

        CLASS   BANK4          

        CLASS   BIGRAM         

        CLASS   RAM            

        CLASS   ABS1           
                abs_s1                               7E       7E        2         1

        CLASS   SFR0           

        CLASS   SFR1           

        CLASS   SFR2           

        CLASS   SFR3           

        CLASS   SFR4           

        CLASS   SFR5           

        CLASS   SFR6           

        CLASS   SFR7           

        CLASS   SFR8           

        CLASS   SFR9           

        CLASS   SFR10          

        CLASS   SFR11          

        CLASS   SFR12          

        CLASS   SFR13          

        CLASS   SFR14          

        CLASS   SFR15          

        CLASS   SFR16          

        CLASS   SFR17          

        CLASS   SFR18          

        CLASS   SFR19          

        CLASS   SFR20          

        CLASS   SFR21          

        CLASS   SFR22          

        CLASS   SFR23          

        CLASS   SFR24          

        CLASS   SFR25          

        CLASS   SFR26          

        CLASS   SFR27          

        CLASS   SFR28          

        CLASS   SFR29          

        CLASS   SFR30          

        CLASS   SFR31          

        CLASS   CONFIG         
                config                             8007     8007        2         4

        CLASS   IDLOC          

        CLASS   EEDATA         

        CLASS   BANK31         

        CLASS   BANK30         

        CLASS   BANK29         

        CLASS   BANK28         

        CLASS   BANK27         

        CLASS   BANK26         

        CLASS   BANK25         

        CLASS   BANK24         

        CLASS   BANK23         

        CLASS   BANK22         

        CLASS   BANK21         

        CLASS   BANK20         

        CLASS   BANK19         

        CLASS   BANK18         

        CLASS   BANK17         

        CLASS   BANK16         

        CLASS   BANK15         

        CLASS   BANK14         

        CLASS   BANK13         

        CLASS   BANK12         

        CLASS   BANK11         

        CLASS   BANK10         

        CLASS   BANK9          

        CLASS   BANK8          

        CLASS   BANK7          

        CLASS   BANK6          

        CLASS   BANK5          



SEGMENTS        Name                           Load    Length   Top    Selector   Space  Class     Delta

                reset_vec                      000000  000002  000002         0       0  CODE        2
                intentry                       000004  000244  000248         8       0  CODE        2
                bssBANK0                       000020  000031  000051        20       1  BANK0       1
                cstackCOMMON                   000070  00000C  00007C        70       1  COMMON      1
                stringtext1                    000248  000020  000268       490       0  STRCODE     2
                text1                          000268  000178  0003E0       4D0       0  CODE        2


UNUSED ADDRESS RANGES

        Name                Unused          Largest block    Delta
        BANK0            00051-0006F              1F           1
        BANK1            000A0-000EF              50           1
        BANK2            00120-0016F              50           1
        BANK3            001A0-001EF              50           1
        BANK4            00220-0024F              30           1
        BIGRAM           02000-0216F             170           1
        CODE             00002-00003               2           2
                         003E0-00FFF             420
        COMMON           0007C-0007D               2           1
        CONST            00002-00003               2           2
                         003E0-00FFF             100
        EEDATA           0F000-0F0FF             100           2
        ENTRY            00002-00003               2           2
                         003E0-00FFF             100
        IDLOC            08000-08003               4           2
        RAM              00051-0006F              1F           1
                         000A0-000EF              50
                         00120-0016F              50
                         001A0-001EF              50
                         00220-0024F              30
        SFR0             00000-0001F              20           1
        SFR1             00080-0009F              20           1
        SFR10            00500-0056F              70           1
        SFR11            00580-005EF              70           1
        SFR12            00600-0066F              70           1
        SFR13            00680-006EF              70           1
        SFR14            00700-0076F              70           1
        SFR15            00780-007EF              70           1
        SFR16            00800-0086F              70           1
        SFR17            00880-008EF              70           1
        SFR18            00900-0096F              70           1
        SFR19            00980-009EF              70           1
        SFR2             00100-0011F              20           1
        SFR20            00A00-00A6F              70           1
        SFR21            00A80-00AEF              70           1
        SFR22            00B00-00B6F              70           1
        SFR23            00B80-00BEF              70           1
        SFR24            00C00-00C6F              70           1
        SFR25            00C80-00CEF              70           1
        SFR26            00D00-00D6F              70           1
        SFR27            00D80-00DEF              70           1
        SFR28            00E00-00E6F              70           1
        SFR29            00E80-00EEF              70           1
        SFR3             00180-0019F              20           1
        SFR30            00F00-00F6F              70           1
        SFR31            00F80-00FEF              70           1
        SFR4             00200-0021F              20           1
        SFR5             00280-002EF              70           1
        SFR6             00300-0036F              70           1
        SFR7             00380-003EF              70           1
        SFR8             00400-0046F              70           1
        SFR9             00480-004EF              70           1
        STACK            02031-0216F             13F           1
        STRCODE          00002-00003               2           2
                         003E0-00FFF             C20
        STRING           00002-00003               2           2
                         003E0-00FFF             100

                                  Symbol Table

I2C2_MasterSendTxData@data             cstackCOMMON 00070
I2C2_SetBuffer@buffer                  cstackCOMMON 00073
I2C2_SetBuffer@bufferSize              cstackCOMMON 00070
I2C2_SetCallback@cb                    cstackCOMMON 00070
I2C2_SetCallback@idx                   cstackCOMMON 00074
I2C2_SetCallback@ptr                   cstackCOMMON 00072
I2C2_SetDataCompleteCallback@cb        cstackCOMMON 00075
I2C2_SetDataCompleteCallback@ptr       cstackCOMMON 00077
I2C_Master_Write@data                  cstackBANK0  0003D
_ANSELA                                (abs)        0018C
_ANSELB                                (abs)        0018D
_APFCON0                               (abs)        0011D
_APFCON1                               (abs)        0011E
_BORCON                                (abs)        00116
_I2C2_CallbackReturnReset              text47       003DC
_I2C2_CallbackReturnStop               text48       003DE
_I2C2_DO_ADDRESS_NACK                  text20       001A5
_I2C2_DO_IDLE                          text34       003B0
_I2C2_DO_RCEN                          text29       0035E
_I2C2_DO_RESET                         text21       00388
_I2C2_DO_RX                            text30       0009C
_I2C2_DO_RX_ACK                        text24       00397
_I2C2_DO_RX_NACK_RESTART               text22       0038D
_I2C2_DO_RX_NACK_STOP                  text23       00392
_I2C2_DO_SEND_ADR_READ                 text33       0033E
_I2C2_DO_SEND_ADR_WRITE                text32       0034F
_I2C2_DO_SEND_RESTART                  text26       003A1
_I2C2_DO_SEND_RESTART_READ             text28       003AB
_I2C2_DO_SEND_RESTART_WRITE            text27       003A6
_I2C2_DO_SEND_STOP                     text25       0039C
_I2C2_DO_TX                            text31       00047
_I2C2_DO_TX_EMPTY                      text35       0011D
_I2C2_Initialize                       text14       00335
_I2C2_MasterClearIrq                   text19       003CA
_I2C2_MasterEnableRestart              text54       003D9
_I2C2_MasterFsm                        text18       001D1
_I2C2_MasterGetRxData                  text40       003D0
_I2C2_MasterIsNack                     text37       0037D
_I2C2_MasterIsr                        text17       003BE
_I2C2_MasterSendAck                    text39       003C2
_I2C2_MasterSendNack                   text41       003C6
_I2C2_MasterSendTxData                 text38       003B5
_I2C2_MasterSetIrq                     text36       003CD
_I2C2_MasterStartRx                    text42       003D3
_I2C2_MasterStop                       text53       003D6
_I2C2_SetBuffer                        text52       002F3
_I2C2_SetCallback                      text51       00222
_I2C2_SetDataCompleteCallback          text50       00310
_I2C2_Status                           bssBANK0     00020
_I2C_Master_Init                       text15       00329
_I2C_Master_Start                      text8        00377
_I2C_Master_Stop                       text7        00371
_I2C_Master_Wait                       text9        0031D
_I2C_Master_Write                      text6        00347
_INTCONbits                            (abs)        0000B
_INTERRUPT_InterruptManager            intentry     00004
_LATA                                  (abs)        0010C
_LATB                                  (abs)        0010D
_MSSP2_InterruptHandler                bssCOMMON    0007A
_OPTION_REGbits                        (abs)        00095
_OSCCON                                (abs)        00099
_OSCILLATOR_Initialize                 text13       00357
_OSCTUNE                               (abs)        00098
_PIE4bits                              (abs)        00094
_PIN_MANAGER_Initialize                text12       00298
_PIR4bits                              (abs)        00014
_SSP2ADD                               (abs)        0021A
_SSP2BUF                               (abs)        00219
_SSP2CON1                              (abs)        0021D
_SSP2CON1bits                          (abs)        0021D
_SSP2CON2                              (abs)        0021E
_SSP2CON2bits                          (abs)        0021E
_SSP2STAT                              (abs)        0021C
_SSP2STATbits                          (abs)        0021C
_SSPCON2                               (abs)        00216
_SSPSTAT                               (abs)        00214
_SYSTEM_Initialize                     text10       00303
_TRISA                                 (abs)        0008C
_TRISB                                 (abs)        0008D
_TRISBbits                             (abs)        0008D
_WDTCON                                (abs)        00097
_WDT_Initialize                        text11       003BA
_WPUA                                  (abs)        0020C
_WPUB                                  (abs)        0020D
__Habs1                                abs1         00000
__Hbank0                               bank0        00000
__Hbank1                               bank1        00000
__Hbank10                              bank10       00000
__Hbank11                              bank11       00000
__Hbank12                              bank12       00000
__Hbank13                              bank13       00000
__Hbank14                              bank14       00000
__Hbank15                              bank15       00000
__Hbank16                              bank16       00000
__Hbank17                              bank17       00000
__Hbank18                              bank18       00000
__Hbank19                              bank19       00000
__Hbank2                               bank2        00000
__Hbank20                              bank20       00000
__Hbank21                              bank21       00000
__Hbank22                              bank22       00000
__Hbank23                              bank23       00000
__Hbank24                              bank24       00000
__Hbank25                              bank25       00000
__Hbank26                              bank26       00000
__Hbank27                              bank27       00000
__Hbank28                              bank28       00000
__Hbank29                              bank29       00000
__Hbank3                               bank3        00000
__Hbank30                              bank30       00000
__Hbank31                              bank31       00000
__Hbank4                               bank4        00000
__Hbank5                               bank5        00000
__Hbank6                               bank6        00000
__Hbank7                               bank7        00000
__Hbank8                               bank8        00000
__Hbank9                               bank9        00000
__Hbigram                              bigram       00000
__HbssBANK0                            bssBANK0     00000
__HbssCOMMON                           bssCOMMON    00000
__Hcinit                               cinit        00047
__Hclrtext                             clrtext      00000
__Hcode                                code         00000
__Hcommon                              common       00000
__Hconfig                              config       08009
__HcstackBANK0                         cstackBANK0  00000
__HcstackCOMMON                        cstackCOMMON 00000
__HdataBANK0                           dataBANK0    00000
__Heeprom_data                         eeprom_data  00000
__Hend_init                            end_init     00029
__Hfunctab                             functab      00000
__HidataBANK0                          idataBANK0   00000
__Hinit                                init         00027
__Hintentry                            intentry     00027
__Hmaintext                            maintext     00000
__Hpowerup                             powerup      00000
__Hram                                 ram          00000
__Hreset_vec                           reset_vec    00002
__Hsfr0                                sfr0         00000
__Hsfr1                                sfr1         00000
__Hsfr10                               sfr10        00000
__Hsfr11                               sfr11        00000
__Hsfr12                               sfr12        00000
__Hsfr13                               sfr13        00000
__Hsfr14                               sfr14        00000
__Hsfr15                               sfr15        00000
__Hsfr16                               sfr16        00000
__Hsfr17                               sfr17        00000
__Hsfr18                               sfr18        00000
__Hsfr19                               sfr19        00000
__Hsfr2                                sfr2         00000
__Hsfr20                               sfr20        00000
__Hsfr21                               sfr21        00000
__Hsfr22                               sfr22        00000
__Hsfr23                               sfr23        00000
__Hsfr24                               sfr24        00000
__Hsfr25                               sfr25        00000
__Hsfr26                               sfr26        00000
__Hsfr27                               sfr27        00000
__Hsfr28                               sfr28        00000
__Hsfr29                               sfr29        00000
__Hsfr3                                sfr3         00000
__Hsfr30                               sfr30        00000
__Hsfr31                               sfr31        00000
__Hsfr4                                sfr4         00000
__Hsfr5                                sfr5         00000
__Hsfr6                                sfr6         00000
__Hsfr7                                sfr7         00000
__Hsfr8                                sfr8         00000
__Hsfr9                                sfr9         00000
__Hspace_0                             (abs)        003E0
__Hspace_1                             (abs)        0007C
__Hspace_2                             (abs)        00000
__Hspace_3                             (abs)        00000
__Hspace_4                             (abs)        10010
__Hstack                               stack        00000
__Hstrings                             strings      00000
__Hstringtext1                         stringtext1  00000
__Htext                                text         00000
__Labs1                                abs1         00000
__Lbank0                               bank0        00000
__Lbank1                               bank1        00000
__Lbank10                              bank10       00000
__Lbank11                              bank11       00000
__Lbank12                              bank12       00000
__Lbank13                              bank13       00000
__Lbank14                              bank14       00000
__Lbank15                              bank15       00000
__Lbank16                              bank16       00000
__Lbank17                              bank17       00000
__Lbank18                              bank18       00000
__Lbank19                              bank19       00000
__Lbank2                               bank2        00000
__Lbank20                              bank20       00000
__Lbank21                              bank21       00000
__Lbank22                              bank22       00000
__Lbank23                              bank23       00000
__Lbank24                              bank24       00000
__Lbank25                              bank25       00000
__Lbank26                              bank26       00000
__Lbank27                              bank27       00000
__Lbank28                              bank28       00000
__Lbank29                              bank29       00000
__Lbank3                               bank3        00000
__Lbank30                              bank30       00000
__Lbank31                              bank31       00000
__Lbank4                               bank4        00000
__Lbank5                               bank5        00000
__Lbank6                               bank6        00000
__Lbank7                               bank7        00000
__Lbank8                               bank8        00000
__Lbank9                               bank9        00000
__Lbigram                              bigram       00000
__LbssBANK0                            bssBANK0     00000
__LbssCOMMON                           bssCOMMON    00000
__Lcinit                               cinit        00029
__Lclrtext                             clrtext      00000
__Lcode                                code         00000
__Lcommon                              common       00000
__Lconfig                              config       00000
__LcstackBANK0                         cstackBANK0  00000
__LcstackCOMMON                        cstackCOMMON 00000
__LdataBANK0                           dataBANK0    00000
__Leeprom_data                         eeprom_data  00000
__Lend_init                            end_init     00027
__Lfunctab                             functab      00000
__LidataBANK0                          idataBANK0   00000
__Linit                                init         00027
__Lintentry                            intentry     00004
__Lmaintext                            maintext     00000
__Lpowerup                             powerup      00000
__Lram                                 ram          00000
__Lreset_vec                           reset_vec    00000
__Lsfr0                                sfr0         00000
__Lsfr1                                sfr1         00000
__Lsfr10                               sfr10        00000
__Lsfr11                               sfr11        00000
__Lsfr12                               sfr12        00000
__Lsfr13                               sfr13        00000
__Lsfr14                               sfr14        00000
__Lsfr15                               sfr15        00000
__Lsfr16                               sfr16        00000
__Lsfr17                               sfr17        00000
__Lsfr18                               sfr18        00000
__Lsfr19                               sfr19        00000
__Lsfr2                                sfr2         00000
__Lsfr20                               sfr20        00000
__Lsfr21                               sfr21        00000
__Lsfr22                               sfr22        00000
__Lsfr23                               sfr23        00000
__Lsfr24                               sfr24        00000
__Lsfr25                               sfr25        00000
__Lsfr26                               sfr26        00000
__Lsfr27                               sfr27        00000
__Lsfr28                               sfr28        00000
__Lsfr29                               sfr29        00000
__Lsfr3                                sfr3         00000
__Lsfr30                               sfr30        00000
__Lsfr31                               sfr31        00000
__Lsfr4                                sfr4         00000
__Lsfr5                                sfr5         00000
__Lsfr6                                sfr6         00000
__Lsfr7                                sfr7         00000
__Lsfr8                                sfr8         00000
__Lsfr9                                sfr9         00000
__Lspace_0                             (abs)        00000
__Lspace_1                             (abs)        00000
__Lspace_2                             (abs)        00000
__Lspace_3                             (abs)        00000
__Lspace_4                             (abs)        00000
__Lstack                               stack        00000
__Lstrings                             strings      00000
__Lstringtext1                         stringtext1  00000
__Ltext                                text         00000
__S0                                   (abs)        003E0
__S1                                   (abs)        0007C
__S2                                   (abs)        00000
__S3                                   (abs)        00000
___int_sp                              stack        00000
___latbits                             (abs)        00001
___sp                                  stack        00000
___stackhi                             (abs)        0216F
___stacklo                             (abs)        02031
__end_of_I2C2_CallbackReturnReset      text47       003DE
__end_of_I2C2_CallbackReturnStop       text48       003E0
__end_of_I2C2_DO_ADDRESS_NACK          text20       001D1
__end_of_I2C2_DO_IDLE                  text34       003B5
__end_of_I2C2_DO_RCEN                  text29       00365
__end_of_I2C2_DO_RESET                 text21       0038D
__end_of_I2C2_DO_RX                    text30       000E2
__end_of_I2C2_DO_RX_ACK                text24       0039C
__end_of_I2C2_DO_RX_NACK_RESTART       text22       00392
__end_of_I2C2_DO_RX_NACK_STOP          text23       00397
__end_of_I2C2_DO_SEND_ADR_READ         text33       00347
__end_of_I2C2_DO_SEND_ADR_WRITE        text32       00357
__end_of_I2C2_DO_SEND_RESTART          text26       003A6
__end_of_I2C2_DO_SEND_RESTART_READ     text28       003B0
__end_of_I2C2_DO_SEND_RESTART_WRITE    text27       003AB
__end_of_I2C2_DO_SEND_STOP             text25       003A1
__end_of_I2C2_DO_TX                    text31       0009C
__end_of_I2C2_DO_TX_EMPTY              text35       0014C
__end_of_I2C2_Initialize               text14       0033E
__end_of_I2C2_MasterClearIrq           text19       003CD
__end_of_I2C2_MasterEnableRestart      text54       003DC
__end_of_I2C2_MasterFsm                text18       001FC
__end_of_I2C2_MasterGetRxData          text40       003D3
__end_of_I2C2_MasterIsNack             text37       00383
__end_of_I2C2_MasterIsr                text17       003C2
__end_of_I2C2_MasterSendAck            text39       003C6
__end_of_I2C2_MasterSendNack           text41       003CA
__end_of_I2C2_MasterSendTxData         text38       003BA
__end_of_I2C2_MasterSetIrq             text36       003D0
__end_of_I2C2_MasterStartRx            text42       003D6
__end_of_I2C2_MasterStop               text53       003D9
__end_of_I2C2_SetBuffer                text52       00303
__end_of_I2C2_SetCallback              text51       00248
__end_of_I2C2_SetDataCompleteCallback  text50       0031D
__end_of_I2C_Master_Init               text15       00335
__end_of_I2C_Master_Start              text8        0037D
__end_of_I2C_Master_Stop               text7        00377
__end_of_I2C_Master_Wait               text9        00329
__end_of_I2C_Master_Write              text6        0034F
__end_of_INTERRUPT_InterruptManager    intentry     00027
__end_of_OSCILLATOR_Initialize         text13       0035E
__end_of_PIN_MANAGER_Initialize        text12       002AF
__end_of_SYSTEM_Initialize             text10       00310
__end_of_WDT_Initialize                text11       003BE
__end_of__initialization               cinit        00043
__end_of_i2c2_fsmStateTable            stringtext1  00268
__end_of_lcd_clear                     text4        00388
__end_of_lcd_cmd                       text5        001A5
__end_of_lcd_data                      text2        00179
__end_of_lcd_init                      text3        0011D
__end_of_lcd_str                       text1        00280
__end_of_main                          maintext     00222
__end_of_rd1RegCompleteHandler         text46       002E2
__end_of_rd2RegCompleteHandler         text45       002D1
__end_of_rdBlkRegCompleteHandler       text43       00298
__end_of_wr1RegCompleteHandler         text44       002C0
__end_of_wr2RegCompleteHandler         text49       002F3
__initialization                       cinit        00029
__pbssBANK0                            bssBANK0     00020
__pbssCOMMON                           bssCOMMON    0007A
__pcstackBANK0                         cstackBANK0  0003D
__pcstackCOMMON                        cstackCOMMON 00070
__pdataBANK0                           dataBANK0    0004B
__pidataBANK0                          idataBANK0   00365
__pintentry                            intentry     00004
__pmaintext                            maintext     001FC
__pstringtext1                         stringtext1  00248
__ptext1                               text1        00268
__ptext10                              text10       00303
__ptext11                              text11       003BA
__ptext12                              text12       00298
__ptext13                              text13       00357
__ptext14                              text14       00335
__ptext15                              text15       00329
__ptext17                              text17       003BE
__ptext18                              text18       001D1
__ptext19                              text19       003CA
__ptext2                               text2        0014C
__ptext20                              text20       001A5
__ptext21                              text21       00388
__ptext22                              text22       0038D
__ptext23                              text23       00392
__ptext24                              text24       00397
__ptext25                              text25       0039C
__ptext26                              text26       003A1
__ptext27                              text27       003A6
__ptext28                              text28       003AB
__ptext29                              text29       0035E
__ptext3                               text3        000E2
__ptext30                              text30       0009C
__ptext31                              text31       00047
__ptext32                              text32       0034F
__ptext33                              text33       0033E
__ptext34                              text34       003B0
__ptext35                              text35       0011D
__ptext36                              text36       003CD
__ptext37                              text37       0037D
__ptext38                              text38       003B5
__ptext39                              text39       003C2
__ptext4                               text4        00383
__ptext40                              text40       003D0
__ptext41                              text41       003C6
__ptext42                              text42       003D3
__ptext43                              text43       00280
__ptext44                              text44       002AF
__ptext45                              text45       002C0
__ptext46                              text46       002D1
__ptext47                              text47       003DC
__ptext48                              text48       003DE
__ptext49                              text49       002E2
__ptext5                               text5        00179
__ptext50                              text50       00310
__ptext51                              text51       00222
__ptext52                              text52       002F3
__ptext53                              text53       003D6
__ptext54                              text54       003D9
__ptext6                               text6        00347
__ptext7                               text7        00371
__ptext8                               text8        00377
__ptext9                               text9        0031D
__size_of_I2C2_CallbackReturnReset     (abs)        00000
__size_of_I2C2_CallbackReturnStop      (abs)        00000
__size_of_I2C2_DO_ADDRESS_NACK         (abs)        00000
__size_of_I2C2_DO_IDLE                 (abs)        00000
__size_of_I2C2_DO_RCEN                 (abs)        00000
__size_of_I2C2_DO_RESET                (abs)        00000
__size_of_I2C2_DO_RX                   (abs)        00000
__size_of_I2C2_DO_RX_ACK               (abs)        00000
__size_of_I2C2_DO_RX_NACK_RESTART      (abs)        00000
__size_of_I2C2_DO_RX_NACK_STOP         (abs)        00000
__size_of_I2C2_DO_SEND_ADR_READ        (abs)        00000
__size_of_I2C2_DO_SEND_ADR_WRITE       (abs)        00000
__size_of_I2C2_DO_SEND_RESTART         (abs)        00000
__size_of_I2C2_DO_SEND_RESTART_READ    (abs)        00000
__size_of_I2C2_DO_SEND_RESTART_WRITE   (abs)        00000
__size_of_I2C2_DO_SEND_STOP            (abs)        00000
__size_of_I2C2_DO_TX                   (abs)        00000
__size_of_I2C2_DO_TX_EMPTY             (abs)        00000
__size_of_I2C2_Initialize              (abs)        00000
__size_of_I2C2_MasterClearIrq          (abs)        00000
__size_of_I2C2_MasterEnableRestart     (abs)        00000
__size_of_I2C2_MasterFsm               (abs)        00000
__size_of_I2C2_MasterGetRxData         (abs)        00000
__size_of_I2C2_MasterIsNack            (abs)        00000
__size_of_I2C2_MasterIsr               (abs)        00000
__size_of_I2C2_MasterSendAck           (abs)        00000
__size_of_I2C2_MasterSendNack          (abs)        00000
__size_of_I2C2_MasterSendTxData        (abs)        00000
__size_of_I2C2_MasterSetIrq            (abs)        00000
__size_of_I2C2_MasterStartRx           (abs)        00000
__size_of_I2C2_MasterStop              (abs)        00000
__size_of_I2C2_SetBuffer               (abs)        00000
__size_of_I2C2_SetCallback             (abs)        00000
__size_of_I2C2_SetDataCompleteCallback (abs)        00000
__size_of_I2C_Master_Init              (abs)        00000
__size_of_I2C_Master_Start             (abs)        00000
__size_of_I2C_Master_Stop              (abs)        00000
__size_of_I2C_Master_Wait              (abs)        00000
__size_of_I2C_Master_Write             (abs)        00000
__size_of_INTERRUPT_InterruptManager   (abs)        00000
__size_of_OSCILLATOR_Initialize        (abs)        00000
__size_of_PIN_MANAGER_Initialize       (abs)        00000
__size_of_SYSTEM_Initialize            (abs)        00000
__size_of_WDT_Initialize               (abs)        00000
__size_of_lcd_clear                    (abs)        00000
__size_of_lcd_cmd                      (abs)        00000
__size_of_lcd_data                     (abs)        00000
__size_of_lcd_init                     (abs)        00000
__size_of_lcd_str                      (abs)        00000
__size_of_main                         (abs)        00000
__size_of_rd1RegCompleteHandler        (abs)        00000
__size_of_rd2RegCompleteHandler        (abs)        00000
__size_of_rdBlkRegCompleteHandler      (abs)        00000
__size_of_wr1RegCompleteHandler        (abs)        00000
__size_of_wr2RegCompleteHandler        (abs)        00000
_i2c2_fsmStateTable                    stringtext1  00248
_lcd_clear                             text4        00383
_lcd_cmd                               text5        00179
_lcd_data                              text2        0014C
_lcd_init                              text3        000E2
_lcd_str                               text1        00268
_main                                  maintext     001FC
_rd1RegCompleteHandler                 text46       002D1
_rd2RegCompleteHandler                 text45       002C0
_rdBlkRegCompleteHandler               text43       00280
_wr1RegCompleteHandler                 text44       002AF
_wr2RegCompleteHandler                 text49       002E2
btemp                                  (abs)        0007E
clear_ram0                             clrtext      0036B
end_of_initialization                  cinit        00043
int$flags                              (abs)        0007E
intlevel0                              functab      00000
intlevel1                              functab      00000
intlevel2                              functab      00000
intlevel3                              functab      00000
intlevel4                              functab      00000
intlevel5                              functab      00000
lcd_cmd@cmd                            cstackBANK0  00041
lcd_data@data                          cstackBANK0  00041
lcd_str@ptr                            cstackBANK0  00043
main@F2898                             dataBANK0    0004B
main@msg                               cstackBANK0  00045
rd1RegCompleteHandler@ptr              cstackCOMMON 00079
rd2RegCompleteHandler@ptr              cstackCOMMON 00079
rdBlkRegCompleteHandler@ptr            cstackCOMMON 00079
reset_vec                              reset_vec    00000
start                                  init         00027
start_initialization                   cinit        00029
wr1RegCompleteHandler@ptr              cstackCOMMON 00079
wr2RegCompleteHandler@ptr              cstackCOMMON 00079
wtemp0                                 (abs)        0007E


FUNCTION INFORMATION:

 *************** function _main *****************
 Defined at:
		line 9 in file "main.c"
 Parameters:    Size  Location     Type
		None
 Auto vars:     Size  Location     Type
  msg             6    8[BANK0 ] unsigned char [6]
 Return value:  Size  Location     Type
                  1    wreg      void 
 Registers used:
		wreg, fsr0l, fsr0h, fsr1l, fsr1h, status,2, status,0, pclath, cstack
 Tracked objects:
		On entry : 
		On exit  : 
		Unchanged: 
 Data sizes:     COMMON   BANK0   BANK1   BANK2   BANK3   BANK4
      Params:         0       0       0       0       0       0
      Locals:         0       6       0       0       0       0
      Temps:          0       1       0       0       0       0
      Totals:         0       7       0       0       0       0
Total ram usage:        7 bytes
 Hardware stack levels required when called:   11
 This function calls:
		_I2C_Master_Init
		_SYSTEM_Initialize
		_lcd_clear
		_lcd_cmd
		_lcd_init
		_lcd_str
 This function is called by:
		Startup code after reset
 This function uses a non-reentrant model


 *************** function _lcd_str *****************
 Defined at:
		line 52 in file "lcd_lib.c"
 Parameters:    Size  Location     Type
  ptr             1    wreg     PTR const unsigned char 
		 -> main@msg(6), 
 Auto vars:     Size  Location     Type
  ptr             1    6[BANK0 ] PTR const unsigned char 
		 -> main@msg(6), 
 Return value:  Size  Location     Type
                  1    wreg      void 
 Registers used:
		wreg, fsr1l, fsr1h, status,2, status,0, pclath, cstack
 Tracked objects:
		On entry : 
		On exit  : 
		Unchanged: 
 Data sizes:     COMMON   BANK0   BANK1   BANK2   BANK3   BANK4
      Params:         0       0       0       0       0       0
      Locals:         0       1       0       0       0       0
      Temps:          0       1       0       0       0       0
      Totals:         0       2       0       0       0       0
Total ram usage:        2 bytes
 Hardware stack levels used:    1
 Hardware stack levels required when called:   10
 This function calls:
		_lcd_data
 This function is called by:
		_main
 This function uses a non-reentrant model


 *************** function _lcd_data *****************
 Defined at:
		line 43 in file "lcd_lib.c"
 Parameters:    Size  Location     Type
  data            1    wreg     unsigned char 
 Auto vars:     Size  Location     Type
  data            1    4[BANK0 ] unsigned char 
 Return value:  Size  Location     Type
                  1    wreg      void 
 Registers used:
		wreg, status,2, status,0, pclath, cstack
 Tracked objects:
		On entry : 
		On exit  : 
		Unchanged: 
 Data sizes:     COMMON   BANK0   BANK1   BANK2   BANK3   BANK4
      Params:         0       0       0       0       0       0
      Locals:         0       1       0       0       0       0
      Temps:          0       2       0       0       0       0
      Totals:         0       3       0       0       0       0
Total ram usage:        3 bytes
 Hardware stack levels used:    1
 Hardware stack levels required when called:    9
 This function calls:
		_I2C_Master_Start
		_I2C_Master_Stop
		_I2C_Master_Write
 This function is called by:
		_lcd_str
 This function uses a non-reentrant model


 *************** function _lcd_init *****************
 Defined at:
		line 25 in file "lcd_lib.c"
 Parameters:    Size  Location     Type
		None
 Auto vars:     Size  Location     Type
		None
 Return value:  Size  Location     Type
                  1    wreg      void 
 Registers used:
		wreg, status,2, status,0, pclath, cstack
 Tracked objects:
		On entry : 
		On exit  : 
		Unchanged: 
 Data sizes:     COMMON   BANK0   BANK1   BANK2   BANK3   BANK4
      Params:         0       0       0       0       0       0
      Locals:         0       0       0       0       0       0
      Temps:          0       2       0       0       0       0
      Totals:         0       2       0       0       0       0
Total ram usage:        2 bytes
 Hardware stack levels used:    1
 Hardware stack levels required when called:   10
 This function calls:
		_lcd_cmd
 This function is called by:
		_main
 This function uses a non-reentrant model


 *************** function _lcd_clear *****************
 Defined at:
		line 39 in file "lcd_lib.c"
 Parameters:    Size  Location     Type
		None
 Auto vars:     Size  Location     Type
		None
 Return value:  Size  Location     Type
                  1    wreg      void 
 Registers used:
		wreg, status,2, status,0, pclath, cstack
 Tracked objects:
		On entry : 
		On exit  : 
		Unchanged: 
 Data sizes:     COMMON   BANK0   BANK1   BANK2   BANK3   BANK4
      Params:         0       0       0       0       0       0
      Locals:         0       0       0       0       0       0
      Temps:          0       0       0       0       0       0
      Totals:         0       0       0       0       0       0
Total ram usage:        0 bytes
 Hardware stack levels used:    1
 Hardware stack levels required when called:   10
 This function calls:
		_lcd_cmd
 This function is called by:
		_main
 This function uses a non-reentrant model


 *************** function _lcd_cmd *****************
 Defined at:
		line 16 in file "lcd_lib.c"
 Parameters:    Size  Location     Type
  cmd             1    wreg     unsigned char 
 Auto vars:     Size  Location     Type
  cmd             1    4[BANK0 ] unsigned char 
 Return value:  Size  Location     Type
                  1    wreg      void 
 Registers used:
		wreg, status,2, status,0, pclath, cstack
 Tracked objects:
		On entry : 
		On exit  : 
		Unchanged: 
 Data sizes:     COMMON   BANK0   BANK1   BANK2   BANK3   BANK4
      Params:         0       0       0       0       0       0
      Locals:         0       1       0       0       0       0
      Temps:          0       2       0       0       0       0
      Totals:         0       3       0       0       0       0
Total ram usage:        3 bytes
 Hardware stack levels used:    1
 Hardware stack levels required when called:    9
 This function calls:
		_I2C_Master_Start
		_I2C_Master_Stop
		_I2C_Master_Write
 This function is called by:
		_main
		_lcd_init
		_lcd_clear
 This function uses a non-reentrant model


 *************** function _I2C_Master_Write *****************
 Defined at:
		line 42 in file "i2c_lib.c"
 Parameters:    Size  Location     Type
  data            2    0[BANK0 ] unsigned int 
 Auto vars:     Size  Location     Type
		None
 Return value:  Size  Location     Type
                  1    wreg      void 
 Registers used:
		wreg, status,2, status,0, pclath, cstack
 Tracked objects:
		On entry : 
		On exit  : 
		Unchanged: 
 Data sizes:     COMMON   BANK0   BANK1   BANK2   BANK3   BANK4
      Params:         0       2       0       0       0       0
      Locals:         0       0       0       0       0       0
      Temps:          0       0       0       0       0       0
      Totals:         0       2       0       0       0       0
Total ram usage:        2 bytes
 Hardware stack levels used:    1
 Hardware stack levels required when called:    8
 This function calls:
		_I2C_Master_Wait
 This function is called by:
		_lcd_cmd
		_lcd_data
 This function uses a non-reentrant model


 *************** function _I2C_Master_Stop *****************
 Defined at:
		line 37 in file "i2c_lib.c"
 Parameters:    Size  Location     Type
		None
 Auto vars:     Size  Location     Type
		None
 Return value:  Size  Location     Type
                  1    wreg      void 
 Registers used:
		wreg, status,2, status,0, pclath, cstack
 Tracked objects:
		On entry : 
		On exit  : 
		Unchanged: 
 Data sizes:     COMMON   BANK0   BANK1   BANK2   BANK3   BANK4
      Params:         0       0       0       0       0       0
      Locals:         0       0       0       0       0       0
      Temps:          0       0       0       0       0       0
      Totals:         0       0       0       0       0       0
Total ram usage:        0 bytes
 Hardware stack levels used:    1
 Hardware stack levels required when called:    8
 This function calls:
		_I2C_Master_Wait
 This function is called by:
		_lcd_cmd
		_lcd_data
 This function uses a non-reentrant model


 *************** function _I2C_Master_Start *****************
 Defined at:
		line 32 in file "i2c_lib.c"
 Parameters:    Size  Location     Type
		None
 Auto vars:     Size  Location     Type
		None
 Return value:  Size  Location     Type
                  1    wreg      void 
 Registers used:
		wreg, status,2, status,0, pclath, cstack
 Tracked objects:
		On entry : 
		On exit  : 
		Unchanged: 
 Data sizes:     COMMON   BANK0   BANK1   BANK2   BANK3   BANK4
      Params:         0       0       0       0       0       0
      Locals:         0       0       0       0       0       0
      Temps:          0       0       0       0       0       0
      Totals:         0       0       0       0       0       0
Total ram usage:        0 bytes
 Hardware stack levels used:    1
 Hardware stack levels required when called:    8
 This function calls:
		_I2C_Master_Wait
 This function is called by:
		_lcd_cmd
		_lcd_data
 This function uses a non-reentrant model


 *************** function _I2C_Master_Wait *****************
 Defined at:
		line 28 in file "i2c_lib.c"
 Parameters:    Size  Location     Type
		None
 Auto vars:     Size  Location     Type
		None
 Return value:  Size  Location     Type
                  1    wreg      void 
 Registers used:
		wreg, status,2
 Tracked objects:
		On entry : 
		On exit  : 
		Unchanged: 
 Data sizes:     COMMON   BANK0   BANK1   BANK2   BANK3   BANK4
      Params:         0       0       0       0       0       0
      Locals:         0       0       0       0       0       0
      Temps:          0       0       0       0       0       0
      Totals:         0       0       0       0       0       0
Total ram usage:        0 bytes
 Hardware stack levels used:    1
 Hardware stack levels required when called:    7
 This function calls:
		Nothing
 This function is called by:
		_I2C_Master_Start
		_I2C_Master_Stop
		_I2C_Master_Write
 This function uses a non-reentrant model


 *************** function _SYSTEM_Initialize *****************
 Defined at:
		line 50 in file "mcc_generated_files/mcc.c"
 Parameters:    Size  Location     Type
		None
 Auto vars:     Size  Location     Type
		None
 Return value:  Size  Location     Type
                  1    wreg      void 
 Registers used:
		wreg, status,2, status,0, pclath, cstack
 Tracked objects:
		On entry : 
		On exit  : 
		Unchanged: 
 Data sizes:     COMMON   BANK0   BANK1   BANK2   BANK3   BANK4
      Params:         0       0       0       0       0       0
      Locals:         0       0       0       0       0       0
      Temps:          0       0       0       0       0       0
      Totals:         0       0       0       0       0       0
Total ram usage:        0 bytes
 Hardware stack levels used:    1
 Hardware stack levels required when called:    8
 This function calls:
		_I2C2_Initialize
		_OSCILLATOR_Initialize
		_PIN_MANAGER_Initialize
		_WDT_Initialize
 This function is called by:
		_main
 This function uses a non-reentrant model


 *************** function _WDT_Initialize *****************
 Defined at:
		line 69 in file "mcc_generated_files/mcc.c"
 Parameters:    Size  Location     Type
		None
 Auto vars:     Size  Location     Type
		None
 Return value:  Size  Location     Type
                  1    wreg      void 
 Registers used:
		wreg
 Tracked objects:
		On entry : 
		On exit  : 
		Unchanged: 
 Data sizes:     COMMON   BANK0   BANK1   BANK2   BANK3   BANK4
      Params:         0       0       0       0       0       0
      Locals:         0       0       0       0       0       0
      Temps:          0       0       0       0       0       0
      Totals:         0       0       0       0       0       0
Total ram usage:        0 bytes
 Hardware stack levels used:    1
 Hardware stack levels required when called:    7
 This function calls:
		Nothing
 This function is called by:
		_SYSTEM_Initialize
 This function uses a non-reentrant model


 *************** function _PIN_MANAGER_Initialize *****************
 Defined at:
		line 55 in file "mcc_generated_files/pin_manager.c"
 Parameters:    Size  Location     Type
		None
 Auto vars:     Size  Location     Type
		None
 Return value:  Size  Location     Type
                  1    wreg      void 
 Registers used:
		wreg, status,2
 Tracked objects:
		On entry : 
		On exit  : 
		Unchanged: 
 Data sizes:     COMMON   BANK0   BANK1   BANK2   BANK3   BANK4
      Params:         0       0       0       0       0       0
      Locals:         0       0       0       0       0       0
      Temps:          0       0       0       0       0       0
      Totals:         0       0       0       0       0       0
Total ram usage:        0 bytes
 Hardware stack levels used:    1
 Hardware stack levels required when called:    7
 This function calls:
		Nothing
 This function is called by:
		_SYSTEM_Initialize
 This function uses a non-reentrant model


 *************** function _OSCILLATOR_Initialize *****************
 Defined at:
		line 59 in file "mcc_generated_files/mcc.c"
 Parameters:    Size  Location     Type
		None
 Auto vars:     Size  Location     Type
		None
 Return value:  Size  Location     Type
                  1    wreg      void 
 Registers used:
		wreg, status,2
 Tracked objects:
		On entry : 
		On exit  : 
		Unchanged: 
 Data sizes:     COMMON   BANK0   BANK1   BANK2   BANK3   BANK4
      Params:         0       0       0       0       0       0
      Locals:         0       0       0       0       0       0
      Temps:          0       0       0       0       0       0
      Totals:         0       0       0       0       0       0
Total ram usage:        0 bytes
 Hardware stack levels used:    1
 Hardware stack levels required when called:    7
 This function calls:
		Nothing
 This function is called by:
		_SYSTEM_Initialize
 This function uses a non-reentrant model


 *************** function _I2C2_Initialize *****************
 Defined at:
		line 167 in file "mcc_generated_files/i2c2_master.c"
 Parameters:    Size  Location     Type
		None
 Auto vars:     Size  Location     Type
		None
 Return value:  Size  Location     Type
                  1    wreg      void 
 Registers used:
		wreg, status,2
 Tracked objects:
		On entry : 
		On exit  : 
		Unchanged: 
 Data sizes:     COMMON   BANK0   BANK1   BANK2   BANK3   BANK4
      Params:         0       0       0       0       0       0
      Locals:         0       0       0       0       0       0
      Temps:          0       0       0       0       0       0
      Totals:         0       0       0       0       0       0
Total ram usage:        0 bytes
 Hardware stack levels used:    1
 Hardware stack levels required when called:    7
 This function calls:
		Nothing
 This function is called by:
		_SYSTEM_Initialize
 This function uses a non-reentrant model


 *************** function _I2C_Master_Init *****************
 Defined at:
		line 16 in file "i2c_lib.c"
 Parameters:    Size  Location     Type
		None
 Auto vars:     Size  Location     Type
		None
 Return value:  Size  Location     Type
                  1    wreg      void 
 Registers used:
		wreg, status,2
 Tracked objects:
		On entry : 
		On exit  : 
		Unchanged: 
 Data sizes:     COMMON   BANK0   BANK1   BANK2   BANK3   BANK4
      Params:         0       0       0       0       0       0
      Locals:         0       0       0       0       0       0
      Temps:          0       0       0       0       0       0
      Totals:         0       0       0       0       0       0
Total ram usage:        0 bytes
 Hardware stack levels used:    1
 Hardware stack levels required when called:    7
 This function calls:
		Nothing
 This function is called by:
		_main
 This function uses a non-reentrant model


 *************** function _INTERRUPT_InterruptManager *****************
 Defined at:
		line 52 in file "mcc_generated_files/interrupt_manager.c"
 Parameters:    Size  Location     Type
		None
 Auto vars:     Size  Location     Type
		None
 Return value:  Size  Location     Type
                  1    wreg      void 
 Registers used:
		wreg, fsr0l, fsr0h, fsr1l, fsr1h, status,2, status,0, pclath, cstack
 Tracked objects:
		On entry : 
		On exit  : 
		Unchanged: 
 Data sizes:     COMMON   BANK0   BANK1   BANK2   BANK3   BANK4
      Params:         0       0       0       0       0       0
      Locals:         0       0       0       0       0       0
      Temps:          0       0       0       0       0       0
      Totals:         0       0       0       0       0       0
Total ram usage:        0 bytes
 Hardware stack levels used:    1
 Hardware stack levels required when called:    6
 This function calls:
		Absolute function
		_I2C2_MasterIsr
 This function is called by:
		Interrupt level 1
 This function uses a non-reentrant model


 *************** function _I2C2_MasterIsr *****************
 Defined at:
		line 318 in file "mcc_generated_files/i2c2_master.c"
 Parameters:    Size  Location     Type
		None
 Auto vars:     Size  Location     Type
		None
 Return value:  Size  Location     Type
                  1    wreg      void 
 Registers used:
		wreg, fsr0l, fsr0h, fsr1l, fsr1h, status,2, status,0, pclath, cstack
 Tracked objects:
		On entry : 
		On exit  : 
		Unchanged: 
 Data sizes:     COMMON   BANK0   BANK1   BANK2   BANK3   BANK4
      Params:         0       0       0       0       0       0
      Locals:         0       0       0       0       0       0
      Temps:          0       0       0       0       0       0
      Totals:         0       0       0       0       0       0
Total ram usage:        0 bytes
 Hardware stack levels used:    1
 Hardware stack levels required when called:    5
 This function calls:
		_I2C2_MasterFsm
 This function is called by:
		_I2C2_Open
		_INTERRUPT_InterruptManager
 This function uses a non-reentrant model


 *************** function _I2C2_MasterFsm *****************
 Defined at:
		line 323 in file "mcc_generated_files/i2c2_master.c"
 Parameters:    Size  Location     Type
		None
 Auto vars:     Size  Location     Type
		None
 Return value:  Size  Location     Type
                  1    wreg      void 
 Registers used:
		wreg, fsr0l, fsr0h, fsr1l, fsr1h, status,2, status,0, pclath, cstack
 Tracked objects:
		On entry : 
		On exit  : 
		Unchanged: 
 Data sizes:     COMMON   BANK0   BANK1   BANK2   BANK3   BANK4
      Params:         0       0       0       0       0       0
      Locals:         0       0       0       0       0       0
      Temps:          3       0       0       0       0       0
      Totals:         3       0       0       0       0       0
Total ram usage:        3 bytes
 Hardware stack levels used:    1
 Hardware stack levels required when called:    4
 This function calls:
		_I2C2_DO_ADDRESS_NACK
		_I2C2_DO_IDLE
		_I2C2_DO_RCEN
		_I2C2_DO_RESET
		_I2C2_DO_RX
		_I2C2_DO_RX_ACK
		_I2C2_DO_RX_NACK_RESTART
		_I2C2_DO_RX_NACK_STOP
		_I2C2_DO_SEND_ADR_READ
		_I2C2_DO_SEND_ADR_WRITE
		_I2C2_DO_SEND_RESTART
		_I2C2_DO_SEND_RESTART_READ
		_I2C2_DO_SEND_RESTART_WRITE
		_I2C2_DO_SEND_STOP
		_I2C2_DO_TX
		_I2C2_DO_TX_EMPTY
		_I2C2_MasterClearIrq
		_I2C2_MasterIsNack
 This function is called by:
		_I2C2_MasterIsr
 This function uses a non-reentrant model


 *************** function _I2C2_MasterClearIrq *****************
 Defined at:
		line 642 in file "mcc_generated_files/i2c2_master.c"
 Parameters:    Size  Location     Type
		None
 Auto vars:     Size  Location     Type
		None
 Return value:  Size  Location     Type
                  1    wreg      void 
 Registers used:
		None
 Tracked objects:
		On entry : 
		On exit  : 
		Unchanged: 
 Data sizes:     COMMON   BANK0   BANK1   BANK2   BANK3   BANK4
      Params:         0       0       0       0       0       0
      Locals:         0       0       0       0       0       0
      Temps:          0       0       0       0       0       0
      Totals:         0       0       0       0       0       0
Total ram usage:        0 bytes
 Hardware stack levels used:    1
 This function calls:
		Nothing
 This function is called by:
		_I2C2_MasterFsm
		_I2C2_Open
		_I2C2_Close
 This function uses a non-reentrant model


 *************** function _I2C2_DO_ADDRESS_NACK *****************
 Defined at:
		line 501 in file "mcc_generated_files/i2c2_master.c"
 Parameters:    Size  Location     Type
		None
 Auto vars:     Size  Location     Type
		None
 Return value:  Size  Location     Type
                  1    wreg      enum E2865
 Registers used:
		wreg, fsr0l, fsr0h, fsr1l, fsr1h, status,2, status,0, pclath, cstack
 Tracked objects:
		On entry : 
		On exit  : 
		Unchanged: 
 Data sizes:     COMMON   BANK0   BANK1   BANK2   BANK3   BANK4
      Params:         0       0       0       0       0       0
      Locals:         0       0       0       0       0       0
      Temps:          3       0       0       0       0       0
      Totals:         3       0       0       0       0       0
Total ram usage:        3 bytes
 Hardware stack levels used:    1
 Hardware stack levels required when called:    3
 This function calls:
		Absolute function
		_I2C2_CallbackReturnReset
		_I2C2_CallbackReturnStop
		_I2C2_DO_SEND_RESTART
		_I2C2_DO_SEND_STOP
		_rd1RegCompleteHandler
		_rd2RegCompleteHandler
		_rdBlkRegCompleteHandler
		_wr1RegCompleteHandler
		_wr2RegCompleteHandler
 This function is called by:
		_I2C2_MasterFsm
 This function uses a non-reentrant model


 *************** function _I2C2_DO_RESET *****************
 Defined at:
		line 495 in file "mcc_generated_files/i2c2_master.c"
 Parameters:    Size  Location     Type
		None
 Auto vars:     Size  Location     Type
		None
 Return value:  Size  Location     Type
                  1    wreg      enum E2865
 Registers used:
		wreg, status,2
 Tracked objects:
		On entry : 
		On exit  : 
		Unchanged: 
 Data sizes:     COMMON   BANK0   BANK1   BANK2   BANK3   BANK4
      Params:         0       0       0       0       0       0
      Locals:         0       0       0       0       0       0
      Temps:          0       0       0       0       0       0
      Totals:         0       0       0       0       0       0
Total ram usage:        0 bytes
 Hardware stack levels used:    1
 This function calls:
		Nothing
 This function is called by:
		_I2C2_MasterFsm
 This function uses a non-reentrant model


 *************** function _I2C2_DO_RX_NACK_RESTART *****************
 Defined at:
		line 489 in file "mcc_generated_files/i2c2_master.c"
 Parameters:    Size  Location     Type
		None
 Auto vars:     Size  Location     Type
		None
 Return value:  Size  Location     Type
                  1    wreg      enum E2865
 Registers used:
		wreg, status,2, status,0, pclath, cstack
 Tracked objects:
		On entry : 
		On exit  : 
		Unchanged: 
 Data sizes:     COMMON   BANK0   BANK1   BANK2   BANK3   BANK4
      Params:         0       0       0       0       0       0
      Locals:         0       0       0       0       0       0
      Temps:          0       0       0       0       0       0
      Totals:         0       0       0       0       0       0
Total ram usage:        0 bytes
 Hardware stack levels used:    1
 Hardware stack levels required when called:    1
 This function calls:
		_I2C2_MasterSendNack
 This function is called by:
		_I2C2_DO_RX
		_I2C2_MasterFsm
 This function uses a non-reentrant model


 *************** function _I2C2_DO_RX_NACK_STOP *****************
 Defined at:
		line 483 in file "mcc_generated_files/i2c2_master.c"
 Parameters:    Size  Location     Type
		None
 Auto vars:     Size  Location     Type
		None
 Return value:  Size  Location     Type
                  1    wreg      enum E2865
 Registers used:
		wreg, status,2, status,0, pclath, cstack
 Tracked objects:
		On entry : 
		On exit  : 
		Unchanged: 
 Data sizes:     COMMON   BANK0   BANK1   BANK2   BANK3   BANK4
      Params:         0       0       0       0       0       0
      Locals:         0       0       0       0       0       0
      Temps:          0       0       0       0       0       0
      Totals:         0       0       0       0       0       0
Total ram usage:        0 bytes
 Hardware stack levels used:    1
 Hardware stack levels required when called:    1
 This function calls:
		_I2C2_MasterSendNack
 This function is called by:
		_I2C2_DO_RX
		_I2C2_MasterFsm
 This function uses a non-reentrant model


 *************** function _I2C2_DO_RX_ACK *****************
 Defined at:
		line 476 in file "mcc_generated_files/i2c2_master.c"
 Parameters:    Size  Location     Type
		None
 Auto vars:     Size  Location     Type
		None
 Return value:  Size  Location     Type
                  1    wreg      enum E2865
 Registers used:
		wreg, status,2, status,0, pclath, cstack
 Tracked objects:
		On entry : 
		On exit  : 
		Unchanged: 
 Data sizes:     COMMON   BANK0   BANK1   BANK2   BANK3   BANK4
      Params:         0       0       0       0       0       0
      Locals:         0       0       0       0       0       0
      Temps:          0       0       0       0       0       0
      Totals:         0       0       0       0       0       0
Total ram usage:        0 bytes
 Hardware stack levels used:    1
 Hardware stack levels required when called:    1
 This function calls:
		_I2C2_MasterSendAck
 This function is called by:
		_I2C2_MasterFsm
 This function uses a non-reentrant model


 *************** function _I2C2_DO_SEND_STOP *****************
 Defined at:
		line 470 in file "mcc_generated_files/i2c2_master.c"
 Parameters:    Size  Location     Type
		None
 Auto vars:     Size  Location     Type
		None
 Return value:  Size  Location     Type
                  1    wreg      enum E2865
 Registers used:
		wreg, status,2, status,0, pclath, cstack
 Tracked objects:
		On entry : 
		On exit  : 
		Unchanged: 
 Data sizes:     COMMON   BANK0   BANK1   BANK2   BANK3   BANK4
      Params:         0       0       0       0       0       0
      Locals:         0       0       0       0       0       0
      Temps:          0       0       0       0       0       0
      Totals:         0       0       0       0       0       0
Total ram usage:        0 bytes
 Hardware stack levels used:    1
 Hardware stack levels required when called:    1
 This function calls:
		_I2C2_MasterStop
 This function is called by:
		_I2C2_DO_TX
		_I2C2_DO_TX_EMPTY
		_I2C2_DO_ADDRESS_NACK
		_I2C2_MasterFsm
 This function uses a non-reentrant model


 *************** function _I2C2_DO_SEND_RESTART *****************
 Defined at:
		line 464 in file "mcc_generated_files/i2c2_master.c"
 Parameters:    Size  Location     Type
		None
 Auto vars:     Size  Location     Type
		None
 Return value:  Size  Location     Type
                  1    wreg      enum E2865
 Registers used:
		wreg, status,2, status,0, pclath, cstack
 Tracked objects:
		On entry : 
		On exit  : 
		Unchanged: 
 Data sizes:     COMMON   BANK0   BANK1   BANK2   BANK3   BANK4
      Params:         0       0       0       0       0       0
      Locals:         0       0       0       0       0       0
      Temps:          0       0       0       0       0       0
      Totals:         0       0       0       0       0       0
Total ram usage:        0 bytes
 Hardware stack levels used:    1
 Hardware stack levels required when called:    1
 This function calls:
		_I2C2_MasterEnableRestart
 This function is called by:
		_I2C2_DO_TX_EMPTY
		_I2C2_DO_ADDRESS_NACK
		_I2C2_MasterFsm
 This function uses a non-reentrant model


 *************** function _I2C2_DO_SEND_RESTART_WRITE *****************
 Defined at:
		line 457 in file "mcc_generated_files/i2c2_master.c"
 Parameters:    Size  Location     Type
		None
 Auto vars:     Size  Location     Type
		None
 Return value:  Size  Location     Type
                  1    wreg      enum E2865
 Registers used:
		wreg, status,2, status,0, pclath, cstack
 Tracked objects:
		On entry : 
		On exit  : 
		Unchanged: 
 Data sizes:     COMMON   BANK0   BANK1   BANK2   BANK3   BANK4
      Params:         0       0       0       0       0       0
      Locals:         0       0       0       0       0       0
      Temps:          0       0       0       0       0       0
      Totals:         0       0       0       0       0       0
Total ram usage:        0 bytes
 Hardware stack levels used:    1
 Hardware stack levels required when called:    1
 This function calls:
		_I2C2_MasterEnableRestart
 This function is called by:
		_I2C2_DO_TX
		_I2C2_MasterFsm
 This function uses a non-reentrant model


 *************** function _I2C2_DO_SEND_RESTART_READ *****************
 Defined at:
		line 451 in file "mcc_generated_files/i2c2_master.c"
 Parameters:    Size  Location     Type
		None
 Auto vars:     Size  Location     Type
		None
 Return value:  Size  Location     Type
                  1    wreg      enum E2865
 Registers used:
		wreg, status,2, status,0, pclath, cstack
 Tracked objects:
		On entry : 
		On exit  : 
		Unchanged: 
 Data sizes:     COMMON   BANK0   BANK1   BANK2   BANK3   BANK4
      Params:         0       0       0       0       0       0
      Locals:         0       0       0       0       0       0
      Temps:          0       0       0       0       0       0
      Totals:         0       0       0       0       0       0
Total ram usage:        0 bytes
 Hardware stack levels used:    1
 Hardware stack levels required when called:    1
 This function calls:
		_I2C2_MasterEnableRestart
 This function is called by:
		_I2C2_DO_TX
		_I2C2_MasterFsm
 This function uses a non-reentrant model


 *************** function _I2C2_DO_RCEN *****************
 Defined at:
		line 404 in file "mcc_generated_files/i2c2_master.c"
 Parameters:    Size  Location     Type
		None
 Auto vars:     Size  Location     Type
		None
 Return value:  Size  Location     Type
                  1    wreg      enum E2865
 Registers used:
		wreg, status,2, status,0, pclath, cstack
 Tracked objects:
		On entry : 
		On exit  : 
		Unchanged: 
 Data sizes:     COMMON   BANK0   BANK1   BANK2   BANK3   BANK4
[...]
		 -> I2C2_Read1ByteRegister@returnValue(1), NULL(0), 
 Auto vars:     Size  Location     Type
		None
 Return value:  Size  Location     Type
                  1    wreg      enum E358
 Registers used:
		wreg, fsr1l, fsr1h, status,2, status,0, pclath, cstack
 Tracked objects:
		On entry : 
		On exit  : 
		Unchanged: 
 Data sizes:     COMMON   BANK0   BANK1   BANK2   BANK3   BANK4
      Params:         1       0       0       0       0       0
      Locals:         0       0       0       0       0       0
      Temps:          0       0       0       0       0       0
      Totals:         1       0       0       0       0       0
Total ram usage:        1 bytes
 Hardware stack levels used:    1
 Hardware stack levels required when called:    2
 This function calls:
		_I2C2_SetBuffer
		_I2C2_SetDataCompleteCallback
 This function is called by:
		_I2C2_ReadDataBlock
		_I2C2_DO_TX
		_I2C2_DO_RX
		_I2C2_DO_TX_EMPTY
		_I2C2_DO_ADDRESS_NACK
		_I2C2_DO_RX_EMPTY
 This function uses a non-reentrant model


 *************** function _wr1RegCompleteHandler *****************
 Defined at:
		line 156 in file "mcc_generated_files/examples/i2c2_master_example.c"
 Parameters:    Size  Location     Type
  ptr             1    9[COMMON] PTR void 
		 -> I2C2_ReadDataBlock@bufferBlock(3), I2C2_Write2ByteRegister@data(2), I2C2_Write1ByteRegister@data(1), I2C2_Read2ByteRegister@returnValue(2), 
		 -> I2C2_Read1ByteRegister@returnValue(1), NULL(0), 
 Auto vars:     Size  Location     Type
		None
 Return value:  Size  Location     Type
                  1    wreg      enum E358
 Registers used:
		wreg, fsr1l, fsr1h, status,2, status,0, pclath, cstack
 Tracked objects:
		On entry : 
		On exit  : 
		Unchanged: 
 Data sizes:     COMMON   BANK0   BANK1   BANK2   BANK3   BANK4
      Params:         1       0       0       0       0       0
      Locals:         0       0       0       0       0       0
      Temps:          0       0       0       0       0       0
      Totals:         1       0       0       0       0       0
Total ram usage:        1 bytes
 Hardware stack levels used:    1
 Hardware stack levels required when called:    2
 This function calls:
		_I2C2_SetBuffer
		_I2C2_SetDataCompleteCallback
 This function is called by:
		_I2C2_Write1ByteRegister
		_I2C2_DO_TX
		_I2C2_DO_RX
		_I2C2_DO_TX_EMPTY
		_I2C2_DO_ADDRESS_NACK
		_I2C2_DO_RX_EMPTY
 This function uses a non-reentrant model


 *************** function _rd2RegCompleteHandler *****************
 Defined at:
		line 149 in file "mcc_generated_files/examples/i2c2_master_example.c"
 Parameters:    Size  Location     Type
  ptr             1    9[COMMON] PTR void 
		 -> I2C2_ReadDataBlock@bufferBlock(3), I2C2_Write2ByteRegister@data(2), I2C2_Write1ByteRegister@data(1), I2C2_Read2ByteRegister@returnValue(2), 
		 -> I2C2_Read1ByteRegister@returnValue(1), NULL(0), 
 Auto vars:     Size  Location     Type
		None
 Return value:  Size  Location     Type
                  1    wreg      enum E358
 Registers used:
		wreg, fsr1l, fsr1h, status,2, status,0, pclath, cstack
 Tracked objects:
		On entry : 
		On exit  : 
		Unchanged: 
 Data sizes:     COMMON   BANK0   BANK1   BANK2   BANK3   BANK4
      Params:         1       0       0       0       0       0
      Locals:         0       0       0       0       0       0
      Temps:          0       0       0       0       0       0
      Totals:         1       0       0       0       0       0
Total ram usage:        1 bytes
 Hardware stack levels used:    1
 Hardware stack levels required when called:    2
 This function calls:
		_I2C2_SetBuffer
		_I2C2_SetDataCompleteCallback
 This function is called by:
		_I2C2_Read2ByteRegister
		_I2C2_DO_TX
		_I2C2_DO_RX
		_I2C2_DO_TX_EMPTY
		_I2C2_DO_ADDRESS_NACK
		_I2C2_DO_RX_EMPTY
 This function uses a non-reentrant model


 *************** function _rd1RegCompleteHandler *****************
 Defined at:
		line 142 in file "mcc_generated_files/examples/i2c2_master_example.c"
 Parameters:    Size  Location     Type
  ptr             1    9[COMMON] PTR void 
		 -> I2C2_ReadDataBlock@bufferBlock(3), I2C2_Write2ByteRegister@data(2), I2C2_Write1ByteRegister@data(1), I2C2_Read2ByteRegister@returnValue(2), 
		 -> I2C2_Read1ByteRegister@returnValue(1), NULL(0), 
 Auto vars:     Size  Location     Type
		None
 Return value:  Size  Location     Type
                  1    wreg      enum E358
 Registers used:
		wreg, fsr1l, fsr1h, status,2, status,0, pclath, cstack
 Tracked objects:
		On entry : 
		On exit  : 
		Unchanged: 
 Data sizes:     COMMON   BANK0   BANK1   BANK2   BANK3   BANK4
      Params:         1       0       0       0       0       0
      Locals:         0       0       0       0       0       0
      Temps:          0       0       0       0       0       0
      Totals:         1       0       0       0       0       0
Total ram usage:        1 bytes
 Hardware stack levels used:    1
 Hardware stack levels required when called:    2
 This function calls:
		_I2C2_SetBuffer
		_I2C2_SetDataCompleteCallback
 This function is called by:
		_I2C2_Read1ByteRegister
		_I2C2_DO_TX
		_I2C2_DO_RX
		_I2C2_DO_TX_EMPTY
		_I2C2_DO_ADDRESS_NACK
		_I2C2_DO_RX_EMPTY
 This function uses a non-reentrant model


 *************** function _I2C2_CallbackReturnReset *****************
 Defined at:
		line 526 in file "mcc_generated_files/i2c2_master.c"
 Parameters:    Size  Location     Type
  funPtr          1    9[COMMON] PTR void 
		 -> I2C2_ReadDataBlock@bufferBlock(3), I2C2_Write2ByteRegister@data(2), I2C2_Write1ByteRegister@data(1), I2C2_Read2ByteRegister@returnValue(2), 
		 -> I2C2_Read1ByteRegister@returnValue(1), NULL(0), 
 Auto vars:     Size  Location     Type
		None
 Return value:  Size  Location     Type
                  1    wreg      enum E358
 Registers used:
		wreg
 Tracked objects:
		On entry : 
		On exit  : 
		Unchanged: 
 Data sizes:     COMMON   BANK0   BANK1   BANK2   BANK3   BANK4
      Params:         1       0       0       0       0       0
      Locals:         0       0       0       0       0       0
      Temps:          0       0       0       0       0       0
      Totals:         1       0       0       0       0       0
Total ram usage:        1 bytes
 Hardware stack levels used:    1
 This function calls:
		Nothing
 This function is called by:
		_I2C2_Open
		_I2C2_DO_TX
		_I2C2_DO_RX
		_I2C2_DO_TX_EMPTY
		_I2C2_DO_ADDRESS_NACK
		_I2C2_DO_RX_EMPTY
 This function uses a non-reentrant model


 *************** function _I2C2_CallbackReturnStop *****************
 Defined at:
		line 521 in file "mcc_generated_files/i2c2_master.c"
 Parameters:    Size  Location     Type
  funPtr          1    9[COMMON] PTR void 
		 -> I2C2_ReadDataBlock@bufferBlock(3), I2C2_Write2ByteRegister@data(2), I2C2_Write1ByteRegister@data(1), I2C2_Read2ByteRegister@returnValue(2), 
		 -> I2C2_Read1ByteRegister@returnValue(1), NULL(0), 
 Auto vars:     Size  Location     Type
		None
 Return value:  Size  Location     Type
                  1    wreg      enum E358
 Registers used:
		wreg
 Tracked objects:
		On entry : 
		On exit  : 
		Unchanged: 
 Data sizes:     COMMON   BANK0   BANK1   BANK2   BANK3   BANK4
      Params:         1       0       0       0       0       0
      Locals:         0       0       0       0       0       0
      Temps:          0       0       0       0       0       0
      Totals:         1       0       0       0       0       0
Total ram usage:        1 bytes
 Hardware stack levels used:    1
 This function calls:
		Nothing
 This function is called by:
		_I2C2_SetCallback
		_I2C2_Open
		_I2C2_DO_TX
		_I2C2_DO_RX
		_I2C2_DO_TX_EMPTY
		_I2C2_DO_ADDRESS_NACK
		_I2C2_DO_RX_EMPTY
 This function uses a non-reentrant model


 *************** function _wr2RegCompleteHandler *****************
 Defined at:
		line 163 in file "mcc_generated_files/examples/i2c2_master_example.c"
 Parameters:    Size  Location     Type
  ptr             1    9[COMMON] PTR void 
		 -> I2C2_ReadDataBlock@bufferBlock(3), I2C2_Write2ByteRegister@data(2), I2C2_Write1ByteRegister@data(1), I2C2_Read2ByteRegister@returnValue(2), 
		 -> I2C2_Read1ByteRegister@returnValue(1), NULL(0), 
 Auto vars:     Size  Location     Type
		None
 Return value:  Size  Location     Type
                  1    wreg      enum E358
 Registers used:
		wreg, fsr1l, fsr1h, status,2, status,0, pclath, cstack
 Tracked objects:
		On entry : 
		On exit  : 
		Unchanged: 
 Data sizes:     COMMON   BANK0   BANK1   BANK2   BANK3   BANK4
      Params:         1       0       0       0       0       0
      Locals:         0       0       0       0       0       0
      Temps:          0       0       0       0       0       0
      Totals:         1       0       0       0       0       0
Total ram usage:        1 bytes
 Hardware stack levels used:    1
 Hardware stack levels required when called:    2
 This function calls:
		_I2C2_SetBuffer
		_I2C2_SetDataCompleteCallback
 This function is called by:
		_I2C2_Write2ByteRegister
		_I2C2_DO_TX
		_I2C2_DO_RX
		_I2C2_DO_TX_EMPTY
		_I2C2_DO_ADDRESS_NACK
		_I2C2_DO_RX_EMPTY
 This function uses a non-reentrant model


 *************** function _I2C2_SetDataCompleteCallback *****************
 Defined at:
		line 274 in file "mcc_generated_files/i2c2_master.c"
 Parameters:    Size  Location     Type
  cb              2    5[COMMON] PTR FTN(PTR void ,)enum 
		 -> rdBlkRegCompleteHandler(1), wr2RegCompleteHandler(1), wr1RegCompleteHandler(1), rd2RegCompleteHandler(1), 
		 -> rd1RegCompleteHandler(1), Absolute function(1), 
  ptr             1    7[COMMON] PTR void 
		 -> I2C2_ReadDataBlock@bufferBlock(3), I2C2_Write2ByteRegister@data(2), I2C2_Write1ByteRegister@data(1), I2C2_Read2ByteRegister@returnValue(2), 
		 -> I2C2_Read1ByteRegister@returnValue(1), NULL(0), 
 Auto vars:     Size  Location     Type
		None
 Return value:  Size  Location     Type
                  1    wreg      void 
 Registers used:
		wreg, fsr1l, fsr1h, status,2, status,0, pclath, cstack
 Tracked objects:
		On entry : 
		On exit  : 
		Unchanged: 
 Data sizes:     COMMON   BANK0   BANK1   BANK2   BANK3   BANK4
      Params:         3       0       0       0       0       0
      Locals:         0       0       0       0       0       0
      Temps:          1       0       0       0       0       0
      Totals:         4       0       0       0       0       0
Total ram usage:        4 bytes
 Hardware stack levels used:    1
 Hardware stack levels required when called:    1
 This function calls:
		_I2C2_SetCallback
 This function is called by:
		_rd1RegCompleteHandler
		_rd2RegCompleteHandler
		_wr1RegCompleteHandler
		_wr2RegCompleteHandler
		_rdBlkRegCompleteHandler
		_I2C2_Read1ByteRegister
		_I2C2_Read2ByteRegister
		_I2C2_Write1ByteRegister
		_I2C2_Write2ByteRegister
		_I2C2_ReadDataBlock
 This function uses a non-reentrant model


 *************** function _I2C2_SetCallback *****************
 Defined at:
		line 304 in file "mcc_generated_files/i2c2_master.c"
 Parameters:    Size  Location     Type
  idx             1    wreg     enum E2883
  cb              2    0[COMMON] PTR FTN(PTR void ,)enum 
		 -> rdBlkRegCompleteHandler(1), wr2RegCompleteHandler(1), wr1RegCompleteHandler(1), rd2RegCompleteHandler(1), 
		 -> rd1RegCompleteHandler(1), Absolute function(1), 
  ptr             1    2[COMMON] PTR void 
		 -> I2C2_ReadDataBlock@bufferBlock(3), I2C2_Write2ByteRegister@data(2), I2C2_Write1ByteRegister@data(1), I2C2_Read2ByteRegister@returnValue(2), 
		 -> I2C2_Read1ByteRegister@returnValue(1), NULL(0), 
 Auto vars:     Size  Location     Type
  idx             1    4[COMMON] enum E2883
 Return value:  Size  Location     Type
                  1    wreg      void 
 Registers used:
		wreg, fsr1l, fsr1h, status,2, status,0
 Tracked objects:
		On entry : 
		On exit  : 
		Unchanged: 
 Data sizes:     COMMON   BANK0   BANK1   BANK2   BANK3   BANK4
      Params:         3       0       0       0       0       0
      Locals:         1       0       0       0       0       0
      Temps:          1       0       0       0       0       0
      Totals:         5       0       0       0       0       0
Total ram usage:        5 bytes
 Hardware stack levels used:    1
 This function calls:
		Nothing
 This function is called by:
		_I2C2_SetDataCompleteCallback
		_I2C2_SetWriteCollisionCallback
		_I2C2_SetAddressNackCallback
		_I2C2_SetDataNackCallback
		_I2C2_SetTimeoutCallback
 This function uses a non-reentrant model


 *************** function _I2C2_SetBuffer *****************
 Defined at:
		line 264 in file "mcc_generated_files/i2c2_master.c"
 Parameters:    Size  Location     Type
  buffer          1    wreg     PTR void 
		 -> I2C2_ReadDataBlock@reg(1), I2C2_ReadDataBlock@bufferBlock(3), I2C2_Write2ByteRegister@reg(1), I2C2_Write2ByteRegister@data(2), 
		 -> I2C2_Write1ByteRegister@reg(1), I2C2_Write1ByteRegister@data(1), I2C2_Read2ByteRegister@reg(1), I2C2_Read2ByteRegister@returnValue(2), 
		 -> I2C2_Read1ByteRegister@reg(1), I2C2_Read1ByteRegister@returnValue(1), NULL(0), 
  bufferSize      2    0[COMMON] unsigned int 
 Auto vars:     Size  Location     Type
  buffer          1    3[COMMON] PTR void 
		 -> I2C2_ReadDataBlock@reg(1), I2C2_ReadDataBlock@bufferBlock(3), I2C2_Write2ByteRegister@reg(1), I2C2_Write2ByteRegister@data(2), 
		 -> I2C2_Write1ByteRegister@reg(1), I2C2_Write1ByteRegister@data(1), I2C2_Read2ByteRegister@reg(1), I2C2_Read2ByteRegister@returnValue(2), 
		 -> I2C2_Read1ByteRegister@reg(1), I2C2_Read1ByteRegister@returnValue(1), NULL(0), 
 Return value:  Size  Location     Type
                  1    wreg      void 
 Registers used:
		wreg
 Tracked objects:
		On entry : 
		On exit  : 
		Unchanged: 
 Data sizes:     COMMON   BANK0   BANK1   BANK2   BANK3   BANK4
      Params:         2       0       0       0       0       0
      Locals:         1       0       0       0       0       0
      Temps:          1       0       0       0       0       0
      Totals:         4       0       0       0       0       0
Total ram usage:        4 bytes
 Hardware stack levels used:    1
 This function calls:
		Nothing
 This function is called by:
		_rd1RegCompleteHandler
		_rd2RegCompleteHandler
		_wr1RegCompleteHandler
		_wr2RegCompleteHandler
		_rdBlkRegCompleteHandler
		_I2C2_Read1ByteRegister
		_I2C2_Read2ByteRegister
		_I2C2_Write1ByteRegister
		_I2C2_Write2ByteRegister
		_I2C2_WriteNBytes
		_I2C2_ReadNBytes
		_I2C2_ReadDataBlock
 This function uses a non-reentrant model


 *************** function _I2C2_MasterStop *****************
 Defined at:
		line 594 in file "mcc_generated_files/i2c2_master.c"
 Parameters:    Size  Location     Type
		None
 Auto vars:     Size  Location     Type
		None
 Return value:  Size  Location     Type
                  1    wreg      void 
 Registers used:
		None
 Tracked objects:
		On entry : 
		On exit  : 
		Unchanged: 
 Data sizes:     COMMON   BANK0   BANK1   BANK2   BANK3   BANK4
      Params:         0       0       0       0       0       0
      Locals:         0       0       0       0       0       0
      Temps:          0       0       0       0       0       0
      Totals:         0       0       0       0       0       0
Total ram usage:        0 bytes
 Hardware stack levels used:    1
 This function calls:
		Nothing
 This function is called by:
		_I2C2_DO_SEND_STOP
 This function uses a non-reentrant model


 *************** function _I2C2_MasterEnableRestart *****************
 Defined at:
		line 574 in file "mcc_generated_files/i2c2_master.c"
 Parameters:    Size  Location     Type
		None
 Auto vars:     Size  Location     Type
		None
 Return value:  Size  Location     Type
                  1    wreg      void 
 Registers used:
		None
 Tracked objects:
		On entry : 
		On exit  : 
		Unchanged: 
 Data sizes:     COMMON   BANK0   BANK1   BANK2   BANK3   BANK4
      Params:         0       0       0       0       0       0
      Locals:         0       0       0       0       0       0
      Temps:          0       0       0       0       0       0
      Totals:         0       0       0       0       0       0
Total ram usage:        0 bytes
 Hardware stack levels used:    1
 This function calls:
		Nothing
 This function is called by:
		_I2C2_DO_SEND_RESTART_READ
		_I2C2_DO_SEND_RESTART_WRITE
		_I2C2_DO_SEND_RESTART
		_I2C2_DO_RX_EMPTY
 This function uses a non-reentrant model



MODULE INFORMATION

Module		Function		Class		Link	Load	Size
mcc_generated_files/examples/i2c2_master_example.c
		_wr1RegCompleteHandler		CODE           	02AF	0000	18
		_wr2RegCompleteHandler		CODE           	02E2	0000	18
		_rdBlkRegCompleteHandler		CODE           	0280	0000	25
		_rd1RegCompleteHandler		CODE           	02D1	0000	18
		_rd2RegCompleteHandler		CODE           	02C0	0000	18

mcc_generated_files/examples/i2c2_master_example.c estimated size: 97

i2c_lib.c
		_I2C_Master_Wait		CODE           	031D	0000	13
		_I2C_Master_Init		CODE           	0329	0000	13
		_I2C_Master_Stop		CODE           	0371	0000	7
		_I2C_Master_Write		CODE           	0347	0000	9
		_I2C_Master_Start		CODE           	0377	0000	7

i2c_lib.c estimated size: 49

mcc_generated_files/interrupt_manager.c
		_INTERRUPT_InterruptManager		CODE           	0004	0000	36

mcc_generated_files/interrupt_manager.c estimated size: 36

mcc_generated_files/pin_manager.c
		_PIN_MANAGER_Initialize		CODE           	0298	0000	24

mcc_generated_files/pin_manager.c estimated size: 24

lcd_lib.c
		_lcd_cmd       		CODE           	0179	0000	45
		_lcd_data      		CODE           	014C	0000	46
		_lcd_clear     		CODE           	0383	0000	6
		_lcd_str       		CODE           	0268	0000	25
		_lcd_init      		CODE           	00E2	0000	60

lcd_lib.c estimated size: 182

mcc_generated_files/i2c2_master.c
		_I2C2_DO_SEND_ADR_READ		CODE           	033E	0000	10
		_I2C2_DO_RX_NACK_STOP		CODE           	0392	0000	6
		_I2C2_DO_SEND_RESTART		CODE           	03A1	0000	6
		_I2C2_DO_TX_EMPTY		CODE           	011D	0000	48
		_I2C2_DO_SEND_RESTART_READ		CODE           	03AB	0000	6
		_I2C2_CallbackReturnStop		CODE           	03DE	0000	3
		_I2C2_DO_RX    		CODE           	009C	0000	71
		_I2C2_DO_TX    		CODE           	0047	0000	86
		_I2C2_DO_IDLE  		CODE           	03B0	0000	6
		_I2C2_DO_RCEN  		CODE           	035E	0000	8
		_I2C2_MasterSendTxData		CODE           	03B5	0000	6
		_I2C2_MasterStop		CODE           	03D6	0000	4
		_I2C2_CallbackReturnReset		CODE           	03DC	0000	3
		_I2C2_DO_RESET 		CODE           	0388	0000	6
		_I2C2_MasterStartRx		CODE           	03D3	0000	4
		_I2C2_DO_RX_ACK		CODE           	0397	0000	6
		_I2C2_MasterSendNack		CODE           	03C6	0000	5
		_I2C2_DO_RX_NACK_RESTART		CODE           	038D	0000	6
		_I2C2_SetCallback		CODE           	0222	0000	39
		_I2C2_MasterEnableRestart		CODE           	03D9	0000	4
		_I2C2_DO_ADDRESS_NACK		CODE           	01A5	0000	45
		_I2C2_SetBuffer		CODE           	02F3	0000	17
		_I2C2_DO_SEND_RESTART_WRITE		CODE           	03A6	0000	6
		_I2C2_Initialize		CODE           	0335	0000	10
		_I2C2_MasterIsNack		CODE           	037D	0000	7
		_I2C2_DO_SEND_ADR_WRITE		CODE           	034F	0000	9
		_I2C2_MasterClearIrq		CODE           	03CA	0000	4
		_I2C2_SetDataCompleteCallback		CODE           	0310	0000	14
		_I2C2_DO_SEND_STOP		CODE           	039C	0000	6
		_I2C2_MasterSendAck		CODE           	03C2	0000	5
		_I2C2_MasterFsm		CODE           	01D1	0000	44
		_I2C2_MasterIsr		CODE           	03BE	0000	5
		_I2C2_MasterGetRxData		CODE           	03D0	0000	4
		_I2C2_MasterSetIrq		CODE           	03CD	0000	4

mcc_generated_files/i2c2_master.c estimated size: 513

shared
		__initialization		CODE           	0029	0000	27
		_i2c2_fsmStateTable		STRCODE        	0248	0000	33

shared estimated size: 60

mcc_generated_files/mcc.c
		_WDT_Initialize		CODE           	03BA	0000	5
		_OSCILLATOR_Initialize		CODE           	0357	0000	8
		_SYSTEM_Initialize		CODE           	0303	0000	14

mcc_generated_files/mcc.c estimated size: 27

main.c
		_main          		CODE           	01FC	0000	39

main.c estimated size: 39

